// Jest Snapshot v1, https://goo.gl/fbAQLP

exports[`Pruebas en <GifItem /> Debe coincidir el snapshot 1`] = `
<div>
  <div
    class="card"
  >
    <img
      alt="Titulo de Prueba"
      src="http://www.url.com/prueba.jpg"
    />
    <p>
      Titulo de Prueba
    </p>
  </div>
</div>
`;
